Processing esp32dev (platform: espressif32; board: esp32dev; framework: arduino)
--------------------------------------------------------------------------------
Verbose mode can be enabled via `-v, --verbose` option
CONFIGURATION: https://docs.platformio.org/page/boards/espressif32/esp32dev.html
PLATFORM: Espressif 32 (6.11.0) > Espressif ESP32 Dev Module
HARDWARE: ESP32 240MHz, 320KB RAM, 4MB Flash
DEBUG: Current (cmsis-dap) External (cmsis-dap, esp-bridge, esp-prog, iot-bus-jtag, jlink, minimodule, olimex-arm-usb-ocd, olimex-arm-usb-ocd-h, olimex-arm-usb-tiny-h, olimex-jtag-tiny, tumpa)
PACKAGES: 
 - framework-arduinoespressif32 @ 3.20017.241212+sha.dcc1105b 
 - tool-esptoolpy @ 1.40501.0 (4.5.1) 
 - toolchain-xtensa-esp32 @ 8.4.0+2021r2-patch5
LDF: Library Dependency Finder -> https://bit.ly/configure-pio-ldf
LDF Modes: Finder ~ chain, Compatibility ~ soft
Found 39 compatible libraries
Scanning dependencies...
Dependency Graph
|-- PubSubClient @ 2.8.0
|-- ArduinoOTA @ 2.0.0
|-- ESPmDNS @ 2.0.0
|-- WebServer @ 2.0.0
|-- OneWire @ 2.3.8
|-- DallasTemperature @ 4.0.4
|-- Update @ 2.0.0
|-- UrlEncode @ 1.0.1
|-- LovyanGFX @ 1.2.7
|-- TFT_eSPI @ 2.5.43
|-- EEPROM @ 2.0.0
|-- WiFi @ 2.0.0
|-- SPI @ 2.0.0
|-- Ethernet @ 2.0.0
|-- WiFiClientSecure @ 2.0.0
Building in release mode
Compiling .pio\build\esp32dev\lib499\LovyanGFX\lgfx\Fonts\IPA\lgfx_font_japan.c.o
Compiling .pio\build\esp32dev\lib499\LovyanGFX\lgfx\Fonts\efont\lgfx_efont_cn.c.o
Compiling .pio\build\esp32dev\lib499\LovyanGFX\lgfx\Fonts\efont\lgfx_efont_ja.c.o
Compiling .pio\build\esp32dev\lib499\LovyanGFX\lgfx\Fonts\efont\lgfx_efont_kr.c.o
Compiling .pio\build\esp32dev\lib499\LovyanGFX\lgfx\Fonts\efont\lgfx_efont_tw.c.o
Compiling .pio\build\esp32dev\lib499\LovyanGFX\lgfx\utility\lgfx_miniz.c.o
Compiling .pio\build\esp32dev\lib499\LovyanGFX\lgfx\utility\lgfx_pngle.c.o
Compiling .pio\build\esp32dev\lib499\LovyanGFX\lgfx\utility\lgfx_qoi.c.o
Compiling .pio\build\esp32dev\lib499\LovyanGFX\lgfx\utility\lgfx_qrcode.c.o
Compiling .pio\build\esp32dev\lib499\LovyanGFX\lgfx\utility\lgfx_tjpgd.c.o
Compiling .pio\build\esp32dev\lib499\LovyanGFX\lgfx\v1\LGFXBase.cpp.o
Compiling .pio\build\esp32dev\lib499\LovyanGFX\lgfx\v1\LGFX_Button.cpp.o
Compiling .pio\build\esp32dev\lib499\LovyanGFX\lgfx\v1\LGFX_Sprite.cpp.o
Compiling .pio\build\esp32dev\lib499\LovyanGFX\lgfx\v1\lgfx_fonts.cpp.o
Compiling .pio\build\esp32dev\lib499\LovyanGFX\lgfx\v1\misc\DividedFrameBuffer.cpp.o
Compiling .pio\build\esp32dev\lib499\LovyanGFX\lgfx\v1\misc\SpriteBuffer.cpp.o
Compiling .pio\build\esp32dev\lib499\LovyanGFX\lgfx\v1\misc\common_function.cpp.o
Compiling .pio\build\esp32dev\lib499\LovyanGFX\lgfx\v1\misc\pixelcopy.cpp.o
Compiling .pio\build\esp32dev\lib499\LovyanGFX\lgfx\v1\panel\Panel_Device.cpp.o
Compiling .pio\build\esp32dev\lib499\LovyanGFX\lgfx\v1\panel\Panel_EPDiy.cpp.o
Compiling .pio\build\esp32dev\lib499\LovyanGFX\lgfx\v1\panel\Panel_FlexibleFrameBuffer.cpp.o
Compiling .pio\build\esp32dev\lib499\LovyanGFX\lgfx\v1\panel\Panel_FrameBufferBase.cpp.o
Compiling .pio\build\esp32dev\lib499\LovyanGFX\lgfx\v1\panel\Panel_GDEW0154M09.cpp.o
Compiling .pio\build\esp32dev\lib499\LovyanGFX\lgfx\v1\panel\Panel_HUB75.cpp.o
Compiling .pio\build\esp32dev\lib499\LovyanGFX\lgfx\v1\panel\Panel_HasBuffer.cpp.o
Compiling .pio\build\esp32dev\lib499\LovyanGFX\lgfx\v1\panel\Panel_ILI9225.cpp.o
Compiling .pio\build\esp32dev\lib499\LovyanGFX\lgfx\v1\panel\Panel_IT8951.cpp.o
Compiling .pio\build\esp32dev\lib499\LovyanGFX\lgfx\v1\panel\Panel_LCD.cpp.o
Compiling .pio\build\esp32dev\lib499\LovyanGFX\lgfx\v1\panel\Panel_M5HDMI.cpp.o
Compiling .pio\build\esp32dev\lib499\LovyanGFX\lgfx\v1\panel\Panel_M5UnitGLASS.cpp.o
Compiling .pio\build\esp32dev\lib499\LovyanGFX\lgfx\v1\panel\Panel_M5UnitLCD.cpp.o
Compiling .pio\build\esp32dev\lib499\LovyanGFX\lgfx\v1\panel\Panel_NT35510.cpp.o
Compiling .pio\build\esp32dev\lib499\LovyanGFX\lgfx\v1\panel\Panel_RA8875.cpp.o
Compiling .pio\build\esp32dev\lib499\LovyanGFX\lgfx\v1\panel\Panel_RM68120.cpp.o
Compiling .pio\build\esp32dev\lib499\LovyanGFX\lgfx\v1\panel\Panel_SSD1306.cpp.o
Compiling .pio\build\esp32dev\lib499\LovyanGFX\lgfx\v1\panel\Panel_SSD1327.cpp.o
Compiling .pio\build\esp32dev\lib499\LovyanGFX\lgfx\v1\panel\Panel_SSD1331.cpp.o
Compiling .pio\build\esp32dev\lib499\LovyanGFX\lgfx\v1\panel\Panel_SSD1351.cpp.o
Compiling .pio\build\esp32dev\lib499\LovyanGFX\lgfx\v1\panel\Panel_SSD1963.cpp.o
Compiling .pio\build\esp32dev\lib499\LovyanGFX\lgfx\v1\platforms\arduino_default\Bus_SPI.cpp.o
Compiling .pio\build\esp32dev\lib499\LovyanGFX\lgfx\v1\platforms\arduino_default\Bus_Stream.cpp.o
Compiling .pio\build\esp32dev\lib499\LovyanGFX\lgfx\v1\platforms\arduino_default\common.cpp.o
Compiling .pio\build\esp32dev\lib499\LovyanGFX\lgfx\v1\platforms\esp32\Bus_HUB75.cpp.o
Compiling .pio\build\esp32dev\lib499\LovyanGFX\lgfx\v1\platforms\esp32\Bus_I2C.cpp.o
Compiling .pio\build\esp32dev\lib499\LovyanGFX\lgfx\v1\platforms\esp32\Bus_Parallel8.cpp.o
Compiling .pio\build\esp32dev\lib499\LovyanGFX\lgfx\v1\platforms\esp32\Bus_SPI.cpp.o
Compiling .pio\build\esp32dev\lib499\LovyanGFX\lgfx\v1\platforms\esp32\Light_PWM.cpp.o
Compiling .pio\build\esp32dev\lib499\LovyanGFX\lgfx\v1\platforms\esp32\Panel_CVBS.cpp.o
Compiling .pio\build\esp32dev\lib499\LovyanGFX\lgfx\v1\platforms\esp32\common.cpp.o
Compiling .pio\build\esp32dev\lib499\LovyanGFX\lgfx\v1\platforms\esp32c3\Bus_Parallel8.cpp.o
Compiling .pio\build\esp32dev\lib499\LovyanGFX\lgfx\v1\platforms\esp32s2\Bus_Parallel16.cpp.o
Compiling .pio\build\esp32dev\lib499\LovyanGFX\lgfx\v1\platforms\esp32s2\Bus_Parallel8.cpp.o
Compiling .pio\build\esp32dev\lib499\LovyanGFX\lgfx\v1\platforms\esp32s3\Bus_Parallel16.cpp.o
Compiling .pio\build\esp32dev\lib499\LovyanGFX\lgfx\v1\platforms\esp32s3\Bus_Parallel8.cpp.o
Compiling .pio\build\esp32dev\lib499\LovyanGFX\lgfx\v1\platforms\esp32s3\Bus_RGB.cpp.o
Compiling .pio\build\esp32dev\lib499\LovyanGFX\lgfx\v1\platforms\esp32s3\Panel_RGB.cpp.o
Compiling .pio\build\esp32dev\lib499\LovyanGFX\lgfx\v1\platforms\esp8266\Bus_I2C.cpp.o
Compiling .pio\build\esp32dev\lib499\LovyanGFX\lgfx\v1\platforms\esp8266\Bus_SPI.cpp.o
Compiling .pio\build\esp32dev\lib499\LovyanGFX\lgfx\v1\platforms\esp8266\common.cpp.o
Compiling .pio\build\esp32dev\lib499\LovyanGFX\lgfx\v1\platforms\framebuffer\Panel_fb.cpp.o
Compiling .pio\build\esp32dev\lib499\LovyanGFX\lgfx\v1\platforms\framebuffer\common.cpp.o
Compiling .pio\build\esp32dev\lib499\LovyanGFX\lgfx\v1\platforms\opencv\Panel_OpenCV.cpp.o
Compiling .pio\build\esp32dev\lib499\LovyanGFX\lgfx\v1\platforms\opencv\common.cpp.o
Compiling .pio\build\esp32dev\lib499\LovyanGFX\lgfx\v1\platforms\rp2040\Bus_I2C.cpp.o
Compiling .pio\build\esp32dev\lib499\LovyanGFX\lgfx\v1\platforms\rp2040\Bus_SPI.cpp.o
Compiling .pio\build\esp32dev\lib499\LovyanGFX\lgfx\v1\platforms\rp2040\Light_PWM.cpp.o
Compiling .pio\build\esp32dev\lib499\LovyanGFX\lgfx\v1\platforms\rp2040\common.cpp.o
Compiling .pio\build\esp32dev\lib499\LovyanGFX\lgfx\v1\platforms\samd21\Bus_I2C.cpp.o
Compiling .pio\build\esp32dev\lib499\LovyanGFX\lgfx\v1\platforms\samd21\Bus_SPI.cpp.o
Compiling .pio\build\esp32dev\lib499\LovyanGFX\lgfx\v1\platforms\samd21\common.cpp.o
Compiling .pio\build\esp32dev\lib499\LovyanGFX\lgfx\v1\platforms\samd51\Bus_I2C.cpp.o
Compiling .pio\build\esp32dev\lib499\LovyanGFX\lgfx\v1\platforms\samd51\Bus_SPI.cpp.o
Compiling .pio\build\esp32dev\lib499\LovyanGFX\lgfx\v1\platforms\samd51\common.cpp.o
Compiling .pio\build\esp32dev\lib499\LovyanGFX\lgfx\v1\platforms\sdl\Panel_sdl.cpp.o
Compiling .pio\build\esp32dev\lib499\LovyanGFX\lgfx\v1\platforms\sdl\common.cpp.o
Compiling .pio\build\esp32dev\lib499\LovyanGFX\lgfx\v1\platforms\spresense\Bus_SPI.cpp.o
Compiling .pio\build\esp32dev\lib499\LovyanGFX\lgfx\v1\platforms\spresense\common.cpp.o
Compiling .pio\build\esp32dev\lib499\LovyanGFX\lgfx\v1\platforms\stm32\Bus_SPI.cpp.o
Compiling .pio\build\esp32dev\lib499\LovyanGFX\lgfx\v1\platforms\stm32\common.cpp.o
Compiling .pio\build\esp32dev\lib499\LovyanGFX\lgfx\v1\touch\Touch_CST816S.cpp.o
Compiling .pio\build\esp32dev\lib499\LovyanGFX\lgfx\v1\touch\Touch_FT5x06.cpp.o
Compiling .pio\build\esp32dev\lib499\LovyanGFX\lgfx\v1\touch\Touch_GSLx680.cpp.o
Compiling .pio\build\esp32dev\lib499\LovyanGFX\lgfx\v1\touch\Touch_GT911.cpp.o
Compiling .pio\build\esp32dev\lib499\LovyanGFX\lgfx\v1\touch\Touch_NS2009.cpp.o
Compiling .pio\build\esp32dev\lib499\LovyanGFX\lgfx\v1\touch\Touch_RA8875.cpp.o
Compiling .pio\build\esp32dev\lib499\LovyanGFX\lgfx\v1\touch\Touch_STMPE610.cpp.o
Compiling .pio\build\esp32dev\lib499\LovyanGFX\lgfx\v1\touch\Touch_TT21xxx.cpp.o
Compiling .pio\build\esp32dev\lib499\LovyanGFX\lgfx\v1\touch\Touch_XPT2046.cpp.o
Compiling .pio\build\esp32dev\src\Actions.cpp.o
Compiling .pio\build\esp32dev\src\EcranLCD.cpp.o
Compiling .pio\build\esp32dev\src\EcranLED.cpp.o
Compiling .pio\build\esp32dev\src\MQTT.cpp.o
Compiling .pio\build\esp32dev\src\Main.cpp.o
Compiling .pio\build\esp32dev\src\PagesHtml\Actions.cpp.o
Compiling .pio\build\esp32dev\src\PagesHtml\Brute.cpp.o
Compiling .pio\build\esp32dev\src\PagesHtml\Connect.cpp.o
Compiling .pio\build\esp32dev\src\PagesHtml\Couleurs.cpp.o
Compiling .pio\build\esp32dev\src\PagesHtml\Export.cpp.o
Compiling .pio\build\esp32dev\src\PagesHtml\Heure.cpp.o
Compiling .pio\build\esp32dev\src\PagesHtml\Main.cpp.o
Compiling .pio\build\esp32dev\src\PagesHtml\OTA.cpp.o
Compiling .pio\build\esp32dev\src\PagesHtml\Para.cpp.o
Compiling .pio\build\esp32dev\src\RMS_Externes.cpp.o
Compiling .pio\build\esp32dev\src\Server.cpp.o
Compiling .pio\build\esp32dev\src\Source\EnphaseEnvoy.cpp.o
Compiling .pio\build\esp32dev\src\Source\Externe.cpp.o
Compiling .pio\build\esp32dev\src\Source\HomeWizard.cpp.o
Compiling .pio\build\esp32dev\src\Source\Linky.cpp.o
Compiling .pio\build\esp32dev\src\Source\MQTT.cpp.o
C:\Users\Bernard\.platformio\penv\Scripts\platformio.exe : src/MQTT.cpp: In function 'bool testMQTTconnected()':
Au caractère Ligne:1 : 1
+ C:\Users\Bernard\.platformio\penv\Scripts\platformio.exe run > build_ ...
+ ~~~~~~~~~~~~~~~~~~~~~~~~~~~~~~~~~~~~~~~~~~~~~~~~~~~~~~~~~~~~~~~~~~~~~
    + CategoryInfo          : NotSpecified: (src/MQTT.cpp: I...TTconnected()'::String) [], RemoteException
    + FullyQualifiedErrorId : NativeCommandError
 
src/MQTT.cpp:79:9: error: 'Ethernet' was not declared in this scope
         Ethernet.macAddress(mac);
         ^~~~~~~~
src/MQTT.cpp:79:9: note: suggested alternative: 'EthernetBug'
         Ethernet.macAddress(mac);
         ^~~~~~~~
         EthernetBug
src/MQTT.cpp:88:7: error: 'PeriodeMQTTMillis' was not declared in this scope
       PeriodeMQTTMillis = 500;
       ^~~~~~~~~~~~~~~~~
src/MQTT.cpp:88:7: note: suggested alternative: 'PeriodeProgMillis'
       PeriodeMQTTMillis = 500;
       ^~~~~~~~~~~~~~~~~
       PeriodeProgMillis
src/MQTT.cpp:93:7: error: 'PeriodeMQTTMillis' was not declared in this scope
       PeriodeMQTTMillis = 30000;  //PenalisÚ 30s
       ^~~~~~~~~~~~~~~~~
src/MQTT.cpp:93:7: note: suggested alternative: 'PeriodeProgMillis'
       PeriodeMQTTMillis = 30000;  //PenalisÚ 30s
       ^~~~~~~~~~~~~~~~~
       PeriodeProgMillis
src/MQTT.cpp:94:7: error: 'previousMQTTMillis' was not declared in this scope
       previousMQTTMillis = millis();
       ^~~~~~~~~~~~~~~~~~
src/MQTT.cpp:94:7: note: suggested alternative: 'LastPwMQTTMillis'
       previousMQTTMillis = millis();
       ^~~~~~~~~~~~~~~~~~
       LastPwMQTTMillis
src/MQTT.cpp: In function 'void envoiVersMQTT()':
src/MQTT.cpp:101:18: error: 'previousMQTTenvoiMillis' was not declared in this scope
   if (int((tps - previousMQTTenvoiMillis) / 1000) > MQTTRepet && MQTTRepet != 0) {  // Si Service MQTT activÚ avec pÚriode sup Ó 0
                  ^~~~~~~~~~~~~~~~~~~~~~~
src/MQTT.cpp:103:10: error: 'Discovered' was not declared in this scope
     if (!Discovered) {  //(uniquement au dÚmarrage discovery = 0 et toute les 5mn si HA redemarre)
          ^~~~~~~~~~
src/MQTT.cpp:103:10: note: suggested alternative: 'islower_l'
     if (!Discovered) {  //(uniquement au dÚmarrage discovery = 0 et toute les 5mn si HA redemarre)
          ^~~~~~~~~~
          islower_l
src/MQTT.cpp:104:7: error: 'sendMQTTDiscoveryMsg_global' was not declared in this scope
       sendMQTTDiscoveryMsg_global();
       ^~~~~~~~~~~~~~~~~~~~~~~~~~~
src/MQTT.cpp:106:5: error: 'SendDataToHomeAssistant' was not declared in this scope
     SendDataToHomeAssistant();  // envoie du Payload au State topic
     ^~~~~~~~~~~~~~~~~~~~~~~
src/MQTT.cpp: In function 'void sendMQTTDiscoveryMsg_global()':
src/MQTT.cpp:154:5: error: 'DeviceToDiscover' was not declared in this scope
     DeviceToDiscover("PuissanceS_T", "Puissance T SoutirÚe", "W", "power", "0");
     ^~~~~~~~~~~~~~~~
src/MQTT.cpp:158:5: error: 'DeviceToDiscoverWithoutUnit' was not declared in this scope
     DeviceToDiscoverWithoutUnit("PowerFactor_T", "Facteur de Puissance T", "2");
     ^~~~~~~~~~~~~~~~~~~~~~~~~~~
src/MQTT.cpp:166:41: error: 'DeviceToDiscover' was not declared in this scope
     if (Source_Temp[canal] != "tempNo") DeviceToDiscover("Temperature_" + String(canal), nomTemperature[canal], "░C", "temperature", 
"1");
                                         ^~~~~~~~~~~~~~~~
src/MQTT.cpp:168:3: error: 'DeviceToDiscover' was not declared in this scope
   DeviceToDiscover("Temperature_CPU", "TempÚrature CPU ESP32", "░C", "temperature", "1");
   ^~~~~~~~~~~~~~~~
src/MQTT.cpp:171:5: error: 'DeviceTextToDiscover' was not declared in this scope
     DeviceTextToDiscover("LTARF", "Option Tarifaire");
     ^~~~~~~~~~~~~~~~~~~~
src/MQTT.cpp:172:5: error: 'DeviceToDiscoverWithoutUnit' was not declared in this scope
     DeviceToDiscoverWithoutUnit("Code_Tarifaire", "Code Tarifaire", "0");
     ^~~~~~~~~~~~~~~~~~~~~~~~~~~
src/MQTT.cpp:175:5: error: 'DeviceTextToDiscover' was not declared in this scope
     DeviceTextToDiscover("NGTF", "Calendrier Tarifaire");
     ^~~~~~~~~~~~~~~~~~~~
src/MQTT.cpp:197:3: error: 'DeviceToDiscoverWithoutUnit' was not declared in this scope
   DeviceToDiscoverWithoutUnit("PowerFactor_M", "Facteur de Puissance M", "2");
   ^~~~~~~~~~~~~~~~~~~~~~~~~~~
src/MQTT.cpp:215:7: error: 'DeviceToDiscoverWithoutClass' was not declared in this scope
       DeviceToDiscoverWithoutClass(ActType, LesActions[i].Titre + " Ouverture", "%", "0");
       ^~~~~~~~~~~~~~~~~~~~~~~~~~~~
src/MQTT.cpp:216:7: error: 'DeviceBin2Discover' was not declared in this scope
       DeviceBin2Discover(ActifType, LesActions[i].Titre + " Actif");
       ^~~~~~~~~~~~~~~~~~
src/Main.cpp:260:6: error: conflicting declaration 'long int Energie_M_Soutiree'
 long Energie_M_Soutiree = 0;
      ^~~~~~~~~~~~~~~~~~
In file included from src/Main.cpp:1:
include/globals.h:81:12: note: previous declaration as 'int Energie_M_Soutiree'
 extern int Energie_M_Soutiree;
            ^~~~~~~~~~~~~~~~~~
src/Main.cpp:261:6: error: conflicting declaration 'long int Energie_M_Injectee'
 long Energie_M_Injectee = 0;
      ^~~~~~~~~~~~~~~~~~
In file included from src/Main.cpp:1:
include/globals.h:82:12: note: previous declaration as 'int Energie_M_Injectee'
 extern int Energie_M_Injectee;
            ^~~~~~~~~~~~~~~~~~
src/Main.cpp:361:7: error: conflicting declaration 'float PwMQTT'
 float PwMQTT = 0;
       ^~~~~~
In file included from src/Main.cpp:1:
include/globals.h:156:15: note: previous declaration as 'String PwMQTT'
 extern String PwMQTT;
               ^~~~~~
src/Main.cpp:362:7: error: conflicting declaration 'float PvaMQTT'
 float PvaMQTT = 0;
       ^~~~~~~
In file included from src/Main.cpp:1:
include/globals.h:157:15: note: previous declaration as 'String PvaMQTT'
 extern String PvaMQTT;
               ^~~~~~~
src/Main.cpp:363:7: error: conflicting declaration 'float PfMQTT'
 float PfMQTT = 1;
       ^~~~~~
In file included from src/Main.cpp:1:
include/globals.h:158:15: note: previous declaration as 'String PfMQTT'
 extern String PfMQTT;
               ^~~~~~
src/Main.cpp:366:6: error: conflicting declaration 'byte TempoRTEon'
 byte TempoRTEon = 0;
      ^~~~~~~~~~
In file included from src/Main.cpp:1:
include/globals.h:190:12: note: previous declaration as 'int TempoRTEon'
 extern int TempoRTEon; // AjoutÚ
            ^~~~~~~~~~
src/Main.cpp:371:8: error: conflicting declaration 'int8_t RMSextIdx'
 int8_t RMSextIdx = 0;
        ^~~~~~~~~
In file included from src/Main.cpp:1:
include/globals.h:178:12: note: previous declaration as 'int RMSextIdx'
 extern int RMSextIdx;
            ^~~~~~~~~
src/Main.cpp:374:35: error: conflicting declaration 'Action LesActions [10]'
 Action LesActions[LesActionsLength];  //Liste des actions
                                   ^
In file included from src/Main.cpp:1:
include/globals.h:119:15: note: previous declaration as 'Action LesActions [100]'
 extern Action LesActions[100];
               ^~~~~~~~~~
src/Main.cpp:420:37: error: conflicting declaration 'volatile int Retard [10]'
 volatile int Retard[LesActionsLength];
                                     ^
In file included from src/Main.cpp:1:
include/globals.h:121:15: note: previous declaration as 'int8_t Retard [8]'
 extern int8_t Retard[8]; // AjoutÚ
               ^~~~~~
src/Main.cpp:446:9: error: conflicting declaration 'int16_t HeureCouranteDeci'
 int16_t HeureCouranteDeci = 0;
         ^~~~~~~~~~~~~~~~~
In file included from src/Main.cpp:1:
include/globals.h:38:14: note: previous declaration as 'float HeureCouranteDeci'
 extern float HeureCouranteDeci;
              ^~~~~~~~~~~~~~~~~
src/Main.cpp:482:9: error: conflicting declaration 'int16_t EthernetBug'
 int16_t EthernetBug = 0;
         ^~~~~~~~~~~
In file included from src/Main.cpp:1:
include/globals.h:61:13: note: previous declaration as 'bool EthernetBug'
 extern bool EthernetBug; // AjoutÚ
             ^~~~~~~~~~~
src/Main.cpp: In function 'void onTimer10ms()':
src/Main.cpp:503:19: error: 'GestionIT_10ms' was not declared in this scope
   if (ITmode < 0) GestionIT_10ms();  //IT non synchrone avec le secteur . Horloge interne
                   ^~~~~~~~~~~~~~
src/Main.cpp:503:19: note: suggested alternative: 'Gestion_LEDs'
   if (ITmode < 0) GestionIT_10ms();  //IT non synchrone avec le secteur . Horloge interne
                   ^~~~~~~~~~~~~~
                   Gestion_LEDs
src/Main.cpp: In function 'void currentNull()':
src/Main.cpp:516:21: error: 'GestionIT_10ms' was not declared in this scope
     if (ITmode > 0) GestionIT_10ms();  //IT synchrone avec le secteur signal Zc toutes les 10ms
                     ^~~~~~~~~~~~~~
src/MQTT.cpp:222:3: error: 'Discovered' was not declared in this scope
   Discovered = true;
   ^~~~~~~~~~
src/MQTT.cpp:222:3: note: suggested alternative: 'islower_l'
   Discovered = true;
   ^~~~~~~~~~
   islower_l
src/MQTT.cpp: In function 'void SendDataToHomeAssistant()':
src/MQTT.cpp:305:280: error: 'PuissanceS_T' was not declared in this scope
     sprintf(value, "%s,\"PuissanceS_T\": %d, \"PuissanceI_T\": %d, \"Tension_T\": %.1f, \"Intensite_T\": %.1f, \"PowerFactor_T\": %.2f, 
\"Energie_T_Soutiree\":%d,\"Energie_T_Injectee\":%d, \"EnergieJour_T_Soutiree\":%d, \"EnergieJour_T_Injectee\":%d, \"Frequence\":%.2f", 
value, PuissanceS_T, PuissanceI_T, Tension_T, Intensite_T, PowerFactor_T, Energie_T_Soutiree, Energie_T_Injectee, 
EnergieJour_T_Soutiree, EnergieJour_T_Injectee, Frequence);
                                                                                                                                         
                                                                                                                                         
      ^~~~~~~~~~~~
src/MQTT.cpp:305:280: note: suggested alternative: 'PuissanceS_M'
     sprintf(value, "%s,\"PuissanceS_T\": %d, \"PuissanceI_T\": %d, \"Tension_T\": %.1f, \"Intensite_T\": %.1f, \"PowerFactor_T\": %.2f, 
\"Energie_T_Soutiree\":%d,\"Energie_T_Injectee\":%d, \"EnergieJour_T_Soutiree\":%d, \"EnergieJour_T_Injectee\":%d, \"Frequence\":%.2f", 
value, PuissanceS_T, PuissanceI_T, Tension_T, Intensite_T, PowerFactor_T, Energie_T_Soutiree, Energie_T_Injectee, 
EnergieJour_T_Soutiree, EnergieJour_T_Injectee, Frequence);
                                                                                                                                         
                                                                                                                                         
      ^~~~~~~~~~~~
                                                                                                                                         
                                                                                                                                         
      PuissanceS_M
src/MQTT.cpp:305:294: error: 'PuissanceI_T' was not declared in this scope
     sprintf(value, "%s,\"PuissanceS_T\": %d, \"PuissanceI_T\": %d, \"Tension_T\": %.1f, \"Intensite_T\": %.1f, \"PowerFactor_T\": %.2f, 
\"Energie_T_Soutiree\":%d,\"Energie_T_Injectee\":%d, \"EnergieJour_T_Soutiree\":%d, \"EnergieJour_T_Injectee\":%d, \"Frequence\":%.2f", 
value, PuissanceS_T, PuissanceI_T, Tension_T, Intensite_T, PowerFactor_T, Energie_T_Soutiree, Energie_T_Injectee, 
EnergieJour_T_Soutiree, EnergieJour_T_Injectee, Frequence);
                                                                                                                                         
                                                                                                                                         
                    ^~~~~~~~~~~~
src/MQTT.cpp:305:294: note: suggested alternative: 'PuissanceI_M'
     sprintf(value, "%s,\"PuissanceS_T\": %d, \"PuissanceI_T\": %d, \"Tension_T\": %.1f, \"Intensite_T\": %.1f, \"PowerFactor_T\": %.2f, 
\"Energie_T_Soutiree\":%d,\"Energie_T_Injectee\":%d, \"EnergieJour_T_Soutiree\":%d, \"EnergieJour_T_Injectee\":%d, \"Frequence\":%.2f", 
value, PuissanceS_T, PuissanceI_T, Tension_T, Intensite_T, PowerFactor_T, Energie_T_Soutiree, Energie_T_Injectee, 
EnergieJour_T_Soutiree, EnergieJour_T_Injectee, Frequence);
                                                                                                                                         
                                                                                                                                         
                    ^~~~~~~~~~~~
                                                                                                                                         
                                                                                                                                         
                    PuissanceI_M
src/MQTT.cpp:305:347: error: 'Energie_T_Soutiree' was not declared in this scope
     sprintf(value, "%s,\"PuissanceS_T\": %d, \"PuissanceI_T\": %d, \"Tension_T\": %.1f, \"Intensite_T\": %.1f, \"PowerFactor_T\": %.2f, 
\"Energie_T_Soutiree\":%d,\"Energie_T_Injectee\":%d, \"EnergieJour_T_Soutiree\":%d, \"EnergieJour_T_Injectee\":%d, \"Frequence\":%.2f", 
value, PuissanceS_T, PuissanceI_T, Tension_T, Intensite_T, PowerFactor_T, Energie_T_Soutiree, Energie_T_Injectee, 
EnergieJour_T_Soutiree, EnergieJour_T_Injectee, Frequence);
                                                                                                                                         
                                                                                                                                         
                                                                         ^~~~~~~~~~~~~~~~~~
src/Main.cpp:516:21: note: suggested alternative: 'Gestion_LEDs'
     if (ITmode > 0) GestionIT_10ms();  //IT synchrone avec le secteur signal Zc toutes les 10ms
                     ^~~~~~~~~~~~~~
                     Gestion_LEDs
src/Main.cpp: In function 'void setup()':
src/Main.cpp:577:3: error: 'esp_task_wdt_config_t' was not declared in this scope
   esp_task_wdt_config_t wdt_config = {
   ^~~~~~~~~~~~~~~~~~~~~
src/MQTT.cpp:305:347: note: suggested alternative: 'Energie_M_Soutiree'
     sprintf(value, "%s,\"PuissanceS_T\": %d, \"PuissanceI_T\": %d, \"Tension_T\": %.1f, \"Intensite_T\": %.1f, \"PowerFactor_T\": %.2f, 
\"Energie_T_Soutiree\":%d,\"Energie_T_Injectee\":%d, \"EnergieJour_T_Soutiree\":%d, \"EnergieJour_T_Injectee\":%d, \"Frequence\":%.2f", 
value, PuissanceS_T, PuissanceI_T, Tension_T, Intensite_T, PowerFactor_T, Energie_T_Soutiree, Energie_T_Injectee, 
EnergieJour_T_Soutiree, EnergieJour_T_Injectee, Frequence);
                                                                                                                                         
                                                                                                                                         
                                                                         ^~~~~~~~~~~~~~~~~~
                                                                                                                                         
                                                                                                                                         
                                                                         Energie_M_Soutiree
src/MQTT.cpp:305:367: error: 'Energie_T_Injectee' was not declared in this scope
     sprintf(value, "%s,\"PuissanceS_T\": %d, \"PuissanceI_T\": %d, \"Tension_T\": %.1f, \"Intensite_T\": %.1f, \"PowerFactor_T\": %.2f, 
\"Energie_T_Soutiree\":%d,\"Energie_T_Injectee\":%d, \"EnergieJour_T_Soutiree\":%d, \"EnergieJour_T_Injectee\":%d, \"Frequence\":%.2f", 
value, PuissanceS_T, PuissanceI_T, Tension_T, Intensite_T, PowerFactor_T, Energie_T_Soutiree, Energie_T_Injectee, 
EnergieJour_T_Soutiree, EnergieJour_T_Injectee, Frequence);
                                                                                                                                         
                                                                                                                                         
                                                                                             ^~~~~~~~~~~~~~~~~~
src/Server.cpp: In function 'void handleWifi()':
src/Server.cpp:190:17: error: 'ConnectAP_Html' was not declared in this scope
   lectureCookie(ConnectAP_Html);
                 ^~~~~~~~~~~~~~
src/MQTT.cpp:305:367: note: suggested alternative: 'Energie_M_Injectee'
     sprintf(value, "%s,\"PuissanceS_T\": %d, \"PuissanceI_T\": %d, \"Tension_T\": %.1f, \"Intensite_T\": %.1f, \"PowerFactor_T\": %.2f, 
\"Energie_T_Soutiree\":%d,\"Energie_T_Injectee\":%d, \"EnergieJour_T_Soutiree\":%d, \"EnergieJour_T_Injectee\":%d, \"Frequence\":%.2f", 
value, PuissanceS_T, PuissanceI_T, Tension_T, Intensite_T, PowerFactor_T, Energie_T_Soutiree, Energie_T_Injectee, 
EnergieJour_T_Soutiree, EnergieJour_T_Injectee, Frequence);
                                                                                                                                         
                                                                                                                                         
                                                                                             ^~~~~~~~~~~~~~~~~~
                                                                                                                                         
                                                                                                                                         
                                                                                             Energie_M_Injectee
src/MQTT.cpp:329:49: error: 'NGTF' was not declared in this scope
     sprintf(value, "%s,\"NGTF\":\"%s\"", value, NGTF.c_str());
                                                 ^~~~
src/MQTT.cpp:330:49: error: 'STGE' was not declared in this scope
     sprintf(value, "%s,\"STGE\":\"%s\"", value, STGE.c_str());
                                                 ^~~~
src/MQTT.cpp:330:49: note: suggested alternative: 'STGEt'
     sprintf(value, "%s,\"STGE\":\"%s\"", value, STGE.c_str());
                                                 ^~~~
                                                 STGEt
src/MQTT.cpp:331:181: error: 'EASF01' was not declared in this scope
     sprintf(value, "%s,\"EASF01\":%d, \"EASF02\":%d, \"EASF03\":%d, \"EASF04\":%d, \"EASF05\":%d, \"EASF06\":%d,\"EASF07\":%d, 
\"EASF08\":%d, \"EASF09\":%d, \"EASF10\":%d", value, EASF01, EASF02, EASF03, EASF04, EASF05, EASF06, EASF07, EASF08, EASF09, EASF10);
                                                                                                                                         
                                            ^~~~~~
src/MQTT.cpp:331:189: error: 'EASF02' was not declared in this scope
     sprintf(value, "%s,\"EASF01\":%d, \"EASF02\":%d, \"EASF03\":%d, \"EASF04\":%d, \"EASF05\":%d, \"EASF06\":%d,\"EASF07\":%d, 
\"EASF08\":%d, \"EASF09\":%d, \"EASF10\":%d", value, EASF01, EASF02, EASF03, EASF04, EASF05, EASF06, EASF07, EASF08, EASF09, EASF10);
                                                                                                                                         
                                                    ^~~~~~
src/Server.cpp: In function 'void handleMainJS()':
src/Server.cpp:194:39: error: 'MainJS' was not declared in this scope
   server.send(200, "text/javascript", MainJS);  // Javascript code
                                       ^~~~~~
src/MQTT.cpp:331:189: note: suggested alternative: 'EPS_2'
     sprintf(value, "%s,\"EASF01\":%d, \"EASF02\":%d, \"EASF03\":%d, \"EASF04\":%d, \"EASF05\":%d, \"EASF06\":%d,\"EASF07\":%d, 
\"EASF08\":%d, \"EASF09\":%d, \"EASF10\":%d", value, EASF01, EASF02, EASF03, EASF04, EASF05, EASF06, EASF07, EASF08, EASF09, EASF10);
                                                                                                                                         
                                                    ^~~~~~
                                                                                                                                         
                                                    EPS_2
src/MQTT.cpp:331:197: error: 'EASF03' was not declared in this scope
     sprintf(value, "%s,\"EASF01\":%d, \"EASF02\":%d, \"EASF03\":%d, \"EASF04\":%d, \"EASF05\":%d, \"EASF06\":%d,\"EASF07\":%d, 
\"EASF08\":%d, \"EASF09\":%d, \"EASF10\":%d", value, EASF01, EASF02, EASF03, EASF04, EASF05, EASF06, EASF07, EASF08, EASF09, EASF10);
                                                                                                                                         
                                                            ^~~~~~
src/Server.cpp: In function 'void handleBrute()':
src/Server.cpp:199:33: error: 'PageBrute' was not declared in this scope
   server.send(200, "text/html", PageBrute);
                                 ^~~~~~~~~
src/MQTT.cpp:331:197: note: suggested alternative: 'EPS_3'
     sprintf(value, "%s,\"EASF01\":%d, \"EASF02\":%d, \"EASF03\":%d, \"EASF04\":%d, \"EASF05\":%d, \"EASF06\":%d,\"EASF07\":%d, 
\"EASF08\":%d, \"EASF09\":%d, \"EASF10\":%d", value, EASF01, EASF02, EASF03, EASF04, EASF05, EASF06, EASF07, EASF08, EASF09, EASF10);
                                                                                                                                         
                                                            ^~~~~~
                                                                                                                                         
                                                            EPS_3
src/MQTT.cpp:331:205: error: 'EASF04' was not declared in this scope
     sprintf(value, "%s,\"EASF01\":%d, \"EASF02\":%d, \"EASF03\":%d, \"EASF04\":%d, \"EASF05\":%d, \"EASF06\":%d,\"EASF07\":%d, 
\"EASF08\":%d, \"EASF09\":%d, \"EASF10\":%d", value, EASF01, EASF02, EASF03, EASF04, EASF05, EASF06, EASF07, EASF08, EASF09, EASF10);
                                                                                                                                         
                                                                    ^~~~~~
src/Server.cpp:199:33: note: suggested alternative: 'handleBrute'
   server.send(200, "text/html", PageBrute);
                                 ^~~~~~~~~
                                 handleBrute
src/Server.cpp: In function 'void handleBruteJS()':
src/Server.cpp:203:39: error: 'PageBruteJS' was not declared in this scope
   server.send(200, "text/javascript", PageBruteJS);  // Javascript code
                                       ^~~~~~~~~~~
src/Main.cpp:577:3: note: suggested alternative: 'esp_task_wdt_init'
   esp_task_wdt_config_t wdt_config = {
   ^~~~~~~~~~~~~~~~~~~~~
   esp_task_wdt_init
src/Main.cpp:583:36: error: 'wdt_config' was not declared in this scope
   ESP32_ERROR = esp_task_wdt_init(&wdt_config);
                                    ^~~~~~~~~~
src/MQTT.cpp:331:205: note: suggested alternative: 'EPS_4'
     sprintf(value, "%s,\"EASF01\":%d, \"EASF02\":%d, \"EASF03\":%d, \"EASF04\":%d, \"EASF05\":%d, \"EASF06\":%d,\"EASF07\":%d, 
\"EASF08\":%d, \"EASF09\":%d, \"EASF10\":%d", value, EASF01, EASF02, EASF03, EASF04, EASF05, EASF06, EASF07, EASF08, EASF09, EASF10);
                                                                                                                                         
                                                                    ^~~~~~
                                                                                                                                         
                                                                    EPS_4
src/MQTT.cpp:331:213: error: 'EASF05' was not declared in this scope
     sprintf(value, "%s,\"EASF01\":%d, \"EASF02\":%d, \"EASF03\":%d, \"EASF04\":%d, \"EASF05\":%d, \"EASF06\":%d,\"EASF07\":%d, 
\"EASF08\":%d, \"EASF09\":%d, \"EASF10\":%d", value, EASF01, EASF02, EASF03, EASF04, EASF05, EASF06, EASF07, EASF08, EASF09, EASF10);
                                                                                                                                         
                                                                            ^~~~~~
src/Server.cpp:203:39: note: suggested alternative: 'handleBruteJS'
   server.send(200, "text/javascript", PageBruteJS);  // Javascript code
                                       ^~~~~~~~~~~
                                       handleBruteJS
src/MQTT.cpp:331:213: note: suggested alternative: 'EPS_5'
     sprintf(value, "%s,\"EASF01\":%d, \"EASF02\":%d, \"EASF03\":%d, \"EASF04\":%d, \"EASF05\":%d, \"EASF06\":%d,\"EASF07\":%d, 
\"EASF08\":%d, \"EASF09\":%d, \"EASF10\":%d", value, EASF01, EASF02, EASF03, EASF04, EASF05, EASF06, EASF07, EASF08, EASF09, EASF10);
                                                                                                                                         
                                                                            ^~~~~~
                                                                                                                                         
                                                                            EPS_5
src/MQTT.cpp:331:221: error: 'EASF06' was not declared in this scope
     sprintf(value, "%s,\"EASF01\":%d, \"EASF02\":%d, \"EASF03\":%d, \"EASF04\":%d, \"EASF05\":%d, \"EASF06\":%d,\"EASF07\":%d, 
\"EASF08\":%d, \"EASF09\":%d, \"EASF10\":%d", value, EASF01, EASF02, EASF03, EASF04, EASF05, EASF06, EASF07, EASF08, EASF09, EASF10);
                                                                                                                                         
                                                                                    ^~~~~~
src/Main.cpp:583:36: note: suggested alternative: 'gpio_config'
   ESP32_ERROR = esp_task_wdt_init(&wdt_config);
                                    ^~~~~~~~~~
                                    gpio_config
src/Server.cpp: In function 'void handleAjaxRMS()':
src/Server.cpp:242:13: error: 'voltM' was not declared in this scope
         if (voltM[i] <= 0 && voltM[i1] > 0) {
             ^~~~~
src/Main.cpp:630:3: error: 'init_puissance' was not declared in this scope
   init_puissance();
   ^~~~~~~~~~~~~~
src/Server.cpp:249:30: error: 'voltM' was not declared in this scope
         S += String(int(10 * voltM[i1])) + RS;  //Voltages*10. Increase dynamic
                              ^~~~~
src/MQTT.cpp:331:221: note: suggested alternative: 'EPS_6'
     sprintf(value, "%s,\"EASF01\":%d, \"EASF02\":%d, \"EASF03\":%d, \"EASF04\":%d, \"EASF05\":%d, \"EASF06\":%d,\"EASF07\":%d, 
\"EASF08\":%d, \"EASF09\":%d, \"EASF10\":%d", value, EASF01, EASF02, EASF03, EASF04, EASF05, EASF06, EASF07, EASF08, EASF09, EASF10);
                                                                                                                                         
                                                                                    ^~~~~~
                                                                                                                                         
                                                                                    EPS_6
src/MQTT.cpp:331:229: error: 'EASF07' was not declared in this scope
     sprintf(value, "%s,\"EASF01\":%d, \"EASF02\":%d, \"EASF03\":%d, \"EASF04\":%d, \"EASF05\":%d, \"EASF06\":%d,\"EASF07\":%d, 
\"EASF08\":%d, \"EASF09\":%d, \"EASF10\":%d", value, EASF01, EASF02, EASF03, EASF04, EASF05, EASF06, EASF07, EASF08, EASF09, EASF10);
                                                                                                                                         
                                                                                            ^~~~~~
src/Server.cpp:254:30: error: 'ampM' was not declared in this scope
         S += String(int(10 * ampM[i1])) + RS;  //Currents*10
                              ^~~~
src/MQTT.cpp:331:229: note: suggested alternative: 'EPS_7'
     sprintf(value, "%s,\"EASF01\":%d, \"EASF02\":%d, \"EASF03\":%d, \"EASF04\":%d, \"EASF05\":%d, \"EASF06\":%d,\"EASF07\":%d, 
\"EASF08\":%d, \"EASF09\":%d, \"EASF10\":%d", value, EASF01, EASF02, EASF03, EASF04, EASF05, EASF06, EASF07, EASF08, EASF09, EASF10);
                                                                                                                                         
                                                                                            ^~~~~~
                                                                                                                                         
                                                                                            EPS_7
src/MQTT.cpp:331:237: error: 'EASF08' was not declared in this scope
     sprintf(value, "%s,\"EASF01\":%d, \"EASF02\":%d, \"EASF03\":%d, \"EASF04\":%d, \"EASF05\":%d, \"EASF06\":%d,\"EASF07\":%d, 
\"EASF08\":%d, \"EASF09\":%d, \"EASF10\":%d", value, EASF01, EASF02, EASF03, EASF04, EASF05, EASF06, EASF07, EASF08, EASF09, EASF10);
                                                                                                                                         
                                                                                                    ^~~~~~
src/Server.cpp:261:76: error: 'PuissanceS_T' was not declared in this scope
       S += RS + String(Tension_T) + RS + String(Intensite_T) + RS + String(PuissanceS_T - PuissanceI_T) + RS + String(PowerFactor_T) + 
RS + String(Energie_T_Soutiree) + RS + String(Energie_T_Injectee);
                                                                            ^~~~~~~~~~~~
src/MQTT.cpp:331:245: error: 'EASF09' was not declared in this scope
     sprintf(value, "%s,\"EASF01\":%d, \"EASF02\":%d, \"EASF03\":%d, \"EASF04\":%d, \"EASF05\":%d, \"EASF06\":%d,\"EASF07\":%d, 
\"EASF08\":%d, \"EASF09\":%d, \"EASF10\":%d", value, EASF01, EASF02, EASF03, EASF04, EASF05, EASF06, EASF07, EASF08, EASF09, EASF10);
                                                                                                                                         
                                                                                                            ^~~~~~
src/Server.cpp:261:76: note: suggested alternative: 'PuissanceS_M'
       S += RS + String(Tension_T) + RS + String(Intensite_T) + RS + String(PuissanceS_T - PuissanceI_T) + RS + String(PowerFactor_T) + 
RS + String(Energie_T_Soutiree) + RS + String(Energie_T_Injectee);
                                                                            ^~~~~~~~~~~~
                                                                            PuissanceS_M
src/Server.cpp:261:91: error: 'PuissanceI_T' was not declared in this scope
       S += RS + String(Tension_T) + RS + String(Intensite_T) + RS + String(PuissanceS_T - PuissanceI_T) + RS + String(PowerFactor_T) + 
RS + String(Energie_T_Soutiree) + RS + String(Energie_T_Injectee);
                                                                                           ^~~~~~~~~~~~
src/MQTT.cpp:331:253: error: 'EASF10' was not declared in this scope
     sprintf(value, "%s,\"EASF01\":%d, \"EASF02\":%d, \"EASF03\":%d, \"EASF04\":%d, \"EASF05\":%d, \"EASF06\":%d,\"EASF07\":%d, 
\"EASF08\":%d, \"EASF09\":%d, \"EASF10\":%d", value, EASF01, EASF02, EASF03, EASF04, EASF05, EASF06, EASF07, EASF08, EASF09, EASF10);
                                                                                                                                         
                                                                                                                    ^~~~~~
src/Main.cpp:630:3: note: suggested alternative: 'filtre_puissance'
   init_puissance();
   ^~~~~~~~~~~~~~
   filtre_puissance
src/Main.cpp:631:3: error: 'InitTemperature' was not declared in this scope
   InitTemperature();
   ^~~~~~~~~~~~~~~
src/Server.cpp:261:91: note: suggested alternative: 'PuissanceI_M'
       S += RS + String(Tension_T) + RS + String(Intensite_T) + RS + String(PuissanceS_T - PuissanceI_T) + RS + String(PowerFactor_T) + 
RS + String(Energie_T_Soutiree) + RS + String(Energie_T_Injectee);
                                                                                           ^~~~~~~~~~~~
                                                                                           PuissanceI_M
src/Server.cpp:261:148: error: 'Energie_T_Soutiree' was not declared in this scope
       S += RS + String(Tension_T) + RS + String(Intensite_T) + RS + String(PuissanceS_T - PuissanceI_T) + RS + String(PowerFactor_T) + 
RS + String(Energie_T_Soutiree) + RS + String(Energie_T_Injectee);
                                                                                                                                         
           ^~~~~~~~~~~~~~~~~~
src/MQTT.cpp:331:253: note: suggested alternative: 'A10'
     sprintf(value, "%s,\"EASF01\":%d, \"EASF02\":%d, \"EASF03\":%d, \"EASF04\":%d, \"EASF05\":%d, \"EASF06\":%d,\"EASF07\":%d, 
\"EASF08\":%d, \"EASF09\":%d, \"EASF10\":%d", value, EASF01, EASF02, EASF03, EASF04, EASF05, EASF06, EASF07, EASF08, EASF09, EASF10);
                                                                                                                                         
                                                                                                                    ^~~~~~
                                                                                                                                         
                                                                                                                    A10
src/Server.cpp:261:148: note: suggested alternative: 'Energie_M_Soutiree'
       S += RS + String(Tension_T) + RS + String(Intensite_T) + RS + String(PuissanceS_T - PuissanceI_T) + RS + String(PowerFactor_T) + 
RS + String(Energie_T_Soutiree) + RS + String(Energie_T_Injectee);
                                                                                                                                         
           ^~~~~~~~~~~~~~~~~~
                                                                                                                                         
           Energie_M_Soutiree
src/Server.cpp:261:182: error: 'Energie_T_Injectee' was not declared in this scope
       S += RS + String(Tension_T) + RS + String(Intensite_T) + RS + String(PuissanceS_T - PuissanceI_T) + RS + String(PowerFactor_T) + 
RS + String(Energie_T_Soutiree) + RS + String(Energie_T_Injectee);
                                                                                                                                         
                                             ^~~~~~~~~~~~~~~~~~
src/Main.cpp:631:3: note: suggested alternative: 'nomTemperature'
   InitTemperature();
   ^~~~~~~~~~~~~~~
   nomTemperature
src/Main.cpp:635:3: error: 'INIT_EEPROM' was not declared in this scope
   INIT_EEPROM();
   ^~~~~~~~~~~
src/Server.cpp:261:182: note: suggested alternative: 'Energie_M_Injectee'
       S += RS + String(Tension_T) + RS + String(Intensite_T) + RS + String(PuissanceS_T - PuissanceI_T) + RS + String(PowerFactor_T) + 
RS + String(Energie_T_Soutiree) + RS + String(Energie_T_Injectee);
                                                                                                                                         
                                             ^~~~~~~~~~~~~~~~~~
                                                                                                                                         
                                             Energie_M_Injectee
src/Server.cpp:292:17: error: 'SG_dataBrute' was not declared in this scope
       S += GS + SG_dataBrute;
                 ^~~~~~~~~~~~
src/Server.cpp:292:17: note: suggested alternative: 'HW_dataBrute'
       S += GS + SG_dataBrute;
                 ^~~~~~~~~~~~
                 HW_dataBrute
src/Server.cpp:301:17: error: 'MK333_dataBrute' was not declared in this scope
       S += GS + MK333_dataBrute;
                 ^~~~~~~~~~~~~~~
src/Server.cpp:301:17: note: suggested alternative: 'ShEm_dataBrute'
       S += GS + MK333_dataBrute;
                 ^~~~~~~~~~~~~~~
                 ShEm_dataBrute
src/Server.cpp: In function 'void handleAjaxHisto48h()':
src/Server.cpp:331:39: error: 'ITmode' was not declared in this scope
     if ((LesActions[i].Actif > 0) && (ITmode > 0 || i > 0)) {
                                       ^~~~~~
src/Server.cpp:331:39: note: suggested alternative: 'chmod'
     if ((LesActions[i].Actif > 0) && (ITmode > 0 || i > 0)) {
                                       ^~~~~~
                                       chmod
src/Server.cpp:336:31: error: 'tab_histo_ouverture' was not declared in this scope
           Ouverture += String(tab_histo_ouverture[i][iS]) + RS;
                               ^~~~~~~~~~~~~~~~~~~
src/Main.cpp:635:3: note: suggested alternative: 'EEPROM'
   INIT_EEPROM();
   ^~~~~~~~~~~
   EEPROM
src/Main.cpp:640:24: error: 'LectureCle' was not declared in this scope
   unsigned long Rcle = LectureCle();
                        ^~~~~~~~~~
src/Main.cpp:640:24: note: suggested alternative: 'LectureUxI'
   unsigned long Rcle = LectureCle();
                        ^~~~~~~~~~
                        LectureUxI
src/Main.cpp:643:5: error: 'LectureEnROM' was not declared in this scope
     LectureEnROM();
     ^~~~~~~~~~~~
src/Main.cpp:643:5: note: suggested alternative: 'EcritureEnROM'
     LectureEnROM();
     ^~~~~~~~~~~~
     EcritureEnROM
src/Main.cpp:644:5: error: 'LectureConsoMatinJour' was not declared in this scope
     LectureConsoMatinJour();
     ^~~~~~~~~~~~~~~~~~~~~
src/Server.cpp: In function 'void handleAjaxESP32()':
src/Server.cpp:348:3: error: 'IT10ms' was not declared in this scope
   IT10ms = 0;
   ^~~~~~
src/Server.cpp:348:3: note: suggested alternative: 'BIT10'
   IT10ms = 0;
   ^~~~~~
   BIT10
src/Server.cpp:349:3: error: 'IT10ms_in' was not declared in this scope
   IT10ms_in = 0;
   ^~~~~~~~~
src/Server.cpp:351:19: error: 'T_On_seconde' was not declared in this scope
   float H = float(T_On_seconde) / 3600.0;
                   ^~~~~~~~~~~~
src/Server.cpp:353:30: error: 'previousLoopMin' was not declared in this scope
   String coeur1 = String(int(previousLoopMin)) + ", " + String(int(previousLoopMoy)) + ", " + String(int(previousLoopMax));
                              ^~~~~~~~~~~~~~~
src/Server.cpp:353:30: note: suggested alternative: 'previousTimeRMSMin'
   String coeur1 = String(int(previousLoopMin)) + ", " + String(int(previousLoopMoy)) + ", " + String(int(previousLoopMax));
                              ^~~~~~~~~~~~~~~
                              previousTimeRMSMin
src/Server.cpp:353:68: error: 'previousLoopMoy' was not declared in this scope
   String coeur1 = String(int(previousLoopMin)) + ", " + String(int(previousLoopMoy)) + ", " + String(int(previousLoopMax));
                                                                    ^~~~~~~~~~~~~~~
src/Server.cpp:353:68: note: suggested alternative: 'previousTimeRMSMoy'
   String coeur1 = String(int(previousLoopMin)) + ", " + String(int(previousLoopMoy)) + ", " + String(int(previousLoopMax));
                                                                    ^~~~~~~~~~~~~~~
                                                                    previousTimeRMSMoy
src/Server.cpp:353:106: error: 'previousLoopMax' was not declared in this scope
   String coeur1 = String(int(previousLoopMin)) + ", " + String(int(previousLoopMoy)) + ", " + String(int(previousLoopMax));
                                                                                                          ^~~~~~~~~~~~~~~
src/Main.cpp:646:5: error: 'RAZ_Histo_Conso' was not declared in this scope
     RAZ_Histo_Conso();
     ^~~~~~~~~~~~~~~
src/Server.cpp:353:106: note: suggested alternative: 'previousTimeRMSMax'
   String coeur1 = String(int(previousLoopMin)) + ", " + String(int(previousLoopMoy)) + ", " + String(int(previousLoopMax));
                                                                                                          ^~~~~~~~~~~~~~~
                                                                                                          previousTimeRMSMax
src/Server.cpp:359:11: error: 'Ethernet' was not declared in this scope
     Mac = Ethernet.macAddress();
           ^~~~~~~~
src/Server.cpp:359:11: note: suggested alternative: 'EthernetBug'
     Mac = Ethernet.macAddress();
           ^~~~~~~~
           EthernetBug
src/Server.cpp:367:48: error: 'P_cent_EEPROM' was not declared in this scope
   S += RS + coeur0 + RS + coeur1 + RS + String(P_cent_EEPROM) + RS;
                                                ^~~~~~~~~~~~~
src/Server.cpp:375:7: error: 'ITmode' was not declared in this scope
   if (ITmode > 0) {
       ^~~~~~
src/Server.cpp:375:7: note: suggested alternative: 'chmod'
   if (ITmode > 0) {
       ^~~~~~
       chmod
src/Server.cpp:380:20: error: 'Nbr_DS18B20' was not declared in this scope
   S += RS + String(Nbr_DS18B20);
                    ^~~~~~~~~~~
src/Main.cpp:656:15: error: 'class ETHClass' has no member named 'hardwareAddress'; did you mean 'macAddress'?
       if (ETH.hardwareAddress() != 0) { //C'est une carte WT-ETH01
               ^~~~~~~~~~~~~~~
               macAddress
src/Main.cpp:664:3: error: 'InitGPIOs' was not declared in this scope
   InitGPIOs();
   ^~~~~~~~~
src/Server.cpp:381:13: error: 'AllTemp' was not declared in this scope
   S += RS + AllTemp;
             ^~~~~~~
src/Main.cpp:667:24: error: 'Ecran_Init' was not declared in this scope
   if (ESP32_Type == 4) Ecran_Init();
                        ^~~~~~~~~~
src/Server.cpp: In function 'void handleAjaxData()':
src/Server.cpp:416:22: error: 'PuissanceS_T' was not declared in this scope
     S += GS + String(PuissanceS_T) + RS + String(PuissanceI_T) + RS + String(PVAS_T) + RS + String(PVAI_T);
                      ^~~~~~~~~~~~
src/Source/Externe.cpp: In function 'void CallESP32_Externe()':
src/Source/Externe.cpp:116:11: error: 'PuissanceS_T' was not declared in this scope
           PuissanceS_T = data_[i].toInt();
           ^~~~~~~~~~~~
src/Server.cpp:416:22: note: suggested alternative: 'PuissanceS_M'
     S += GS + String(PuissanceS_T) + RS + String(PuissanceI_T) + RS + String(PVAS_T) + RS + String(PVAI_T);
                      ^~~~~~~~~~~~
                      PuissanceS_M
src/Server.cpp:416:50: error: 'PuissanceI_T' was not declared in this scope
     S += GS + String(PuissanceS_T) + RS + String(PuissanceI_T) + RS + String(PVAS_T) + RS + String(PVAI_T);
                                                  ^~~~~~~~~~~~
src/Main.cpp:667:24: note: suggested alternative: 'Ecran_Loop'
   if (ESP32_Type == 4) Ecran_Init();
                        ^~~~~~~~~~
                        Ecran_Loop
src/Main.cpp:701:19: error: 'String2IP' was not declared in this scope
       RMS_IP[0] = String2IP(ETH.localIP().toString()); // <== MODIFIED LINE
                   ^~~~~~~~~
src/Source/Externe.cpp:116:11: note: suggested alternative: 'PuissanceS_M'
           PuissanceS_T = data_[i].toInt();
           ^~~~~~~~~~~~
           PuissanceS_M
src/Source/Externe.cpp:119:11: error: 'PuissanceI_T' was not declared in this scope
           PuissanceI_T = data_[i].toInt();
           ^~~~~~~~~~~~
src/Server.cpp:416:50: note: suggested alternative: 'PuissanceI_M'
     S += GS + String(PuissanceS_T) + RS + String(PuissanceI_T) + RS + String(PVAS_T) + RS + String(PVAI_T);
                                                  ^~~~~~~~~~~~
                                                  PuissanceI_M
src/Server.cpp:416:78: error: 'PVAS_T' was not declared in this scope
     S += GS + String(PuissanceS_T) + RS + String(PuissanceI_T) + RS + String(PVAS_T) + RS + String(PVAI_T);
                                                                              ^~~~~~
src/Server.cpp:416:78: note: suggested alternative: 'PVAS_M'
     S += GS + String(PuissanceS_T) + RS + String(PuissanceI_T) + RS + String(PVAS_T) + RS + String(PVAI_T);
                                                                              ^~~~~~
                                                                              PVAS_M
src/Server.cpp:416:100: error: 'PVAI_T' was not declared in this scope
     S += GS + String(PuissanceS_T) + RS + String(PuissanceI_T) + RS + String(PVAS_T) + RS + String(PVAI_T);
                                                                                                    ^~~~~~
src/Main.cpp:701:19: note: suggested alternative: 'String'
       RMS_IP[0] = String2IP(ETH.localIP().toString()); // <== MODIFIED LINE
                   ^~~~~~~~~
                   String
src/Source/Externe.cpp:119:11: note: suggested alternative: 'PuissanceI_M'
           PuissanceI_T = data_[i].toInt();
           ^~~~~~~~~~~~
           PuissanceI_M
src/Source/Externe.cpp:122:11: error: 'PVAS_T' was not declared in this scope
           PVAS_T = data_[i].toInt();
           ^~~~~~
src/Main.cpp:707:21: error: 'String2IP' was not declared in this scope
         RMS_IP[0] = String2IP(ETH.localIP().toString()); // <== MODIFIED LINE
                     ^~~~~~~~~
src/Server.cpp:416:100: note: suggested alternative: 'PVAI_M'
     S += GS + String(PuissanceS_T) + RS + String(PuissanceI_T) + RS + String(PVAS_T) + RS + String(PVAI_T);
                                                                                                    ^~~~~~
                                                                                                    PVAI_M
src/Server.cpp:417:98: error: 'Energie_T_Soutiree' was not declared in this scope
     S += RS + String(EnergieJour_T_Soutiree) + RS + String(EnergieJour_T_Injectee) + RS + String(Energie_T_Soutiree) + RS + 
String(Energie_T_Injectee);
                                                                                                  ^~~~~~~~~~~~~~~~~~
src/Source/Externe.cpp:122:11: note: suggested alternative: 'PVAS_M'
           PVAS_T = data_[i].toInt();
           ^~~~~~
           PVAS_M
src/Source/Externe.cpp:125:11: error: 'PVAI_T' was not declared in this scope
           PVAI_T = data_[i].toInt();
           ^~~~~~
src/Server.cpp:417:98: note: suggested alternative: 'Energie_M_Soutiree'
     S += RS + String(EnergieJour_T_Soutiree) + RS + String(EnergieJour_T_Injectee) + RS + String(Energie_T_Soutiree) + RS + 
String(Energie_T_Injectee);
                                                                                                  ^~~~~~~~~~~~~~~~~~
                                                                                                  Energie_M_Soutiree
src/Server.cpp:417:132: error: 'Energie_T_Injectee' was not declared in this scope
     S += RS + String(EnergieJour_T_Soutiree) + RS + String(EnergieJour_T_Injectee) + RS + String(Energie_T_Soutiree) + RS + 
String(Energie_T_Injectee);
                                                                                                                                    
^~~~~~~~~~~~~~~~~~
src/Source/Externe.cpp:125:11: note: suggested alternative: 'PVAI_M'
           PVAI_T = data_[i].toInt();
           ^~~~~~
           PVAI_M
src/Source/Externe.cpp:134:11: error: 'Energie_T_Soutiree' was not declared in this scope
           Energie_T_Soutiree = data_[i].toInt();
           ^~~~~~~~~~~~~~~~~~
src/Main.cpp:707:21: note: suggested alternative: 'String'
         RMS_IP[0] = String2IP(ETH.localIP().toString()); // <== MODIFIED LINE
                     ^~~~~~~~~
                     String
src/Main.cpp:721:5: error: 'Liste_WIFI' was not declared in this scope
     Liste_WIFI();
     ^~~~~~~~~~
src/Source/Externe.cpp:134:11: note: suggested alternative: 'Energie_M_Soutiree'
           Energie_T_Soutiree = data_[i].toInt();
           ^~~~~~~~~~~~~~~~~~
           Energie_M_Soutiree
src/Source/Externe.cpp:137:11: error: 'Energie_T_Injectee' was not declared in this scope
           Energie_T_Injectee = data_[i].toInt();
           ^~~~~~~~~~~~~~~~~~
src/Main.cpp:721:5: note: suggested alternative: 'Liste_AP'
     Liste_WIFI();
     ^~~~~~~~~~
     Liste_AP
src/Main.cpp:742:40: error: 'time_sync_notification' was not declared in this scope
     sntp_set_time_sync_notification_cb(time_sync_notification);
                                        ^~~~~~~~~~~~~~~~~~~~~~
src/Server.cpp:417:132: note: suggested alternative: 'Energie_M_Injectee'
     S += RS + String(EnergieJour_T_Soutiree) + RS + String(EnergieJour_T_Injectee) + RS + String(Energie_T_Soutiree) + RS + 
String(Energie_T_Injectee);
                                                                                                                                    
^~~~~~~~~~~~~~~~~~
                                                                                                                                    
Energie_M_Injectee
src/Server.cpp: In function 'void handleAjax_etatActions()':
src/Server.cpp:446:39: error: 'ITmode' was not declared in this scope
     if ((LesActions[i].Actif > 0) && (ITmode > 0 || i > 0)) {  //Pas de Triac en synchro horloge interne
                                       ^~~~~~
src/Source/Externe.cpp:137:11: note: suggested alternative: 'Energie_M_Injectee'
           Energie_T_Injectee = data_[i].toInt();
           ^~~~~~~~~~~~~~~~~~
           Energie_M_Injectee
src/Server.cpp:446:39: note: suggested alternative: 'chmod'
     if ((LesActions[i].Actif > 0) && (ITmode > 0 || i > 0)) {  //Pas de Triac en synchro horloge interne
                                       ^~~~~~
                                       chmod
src/Server.cpp: In function 'void handleAjaxData10mn()':
src/Server.cpp:519:31: error: 'tab_histo_2s_ouverture' was not declared in this scope
           Ouverture += String(tab_histo_2s_ouverture[i][iS]) + RS;
                               ^~~~~~~~~~~~~~~~~~~~~~
*** [.pio\build\esp32dev\src\MQTT.cpp.o] Error 1
src/Main.cpp:742:40: note: suggested alternative: 'sntp_set_time_sync_notification_cb'
     sntp_set_time_sync_notification_cb(time_sync_notification);
                                        ^~~~~~~~~~~~~~~~~~~~~~
                                        sntp_set_time_sync_notification_cb
src/Main.cpp:774:19: error: 'String2IP' was not declared in this scope
       RMS_IP[0] = String2IP(WiFi.localIP().toString());
                   ^~~~~~~~~
src/Main.cpp:774:19: note: suggested alternative: 'String'
       RMS_IP[0] = String2IP(WiFi.localIP().toString());
                   ^~~~~~~~~
                   String
src/Main.cpp:784:7: error: 'infoSerie' was not declared in this scope
       infoSerie();
       ^~~~~~~~~
src/Main.cpp:789:3: error: 'Liste_des_Noms' was not declared in this scope
   Liste_des_Noms();
   ^~~~~~~~~~~~~~
src/Main.cpp:789:3: note: suggested alternative: 'Liste_NomsEtats'
   Liste_des_Noms();
   ^~~~~~~~~~~~~~
   Liste_NomsEtats
src/Main.cpp:800:5: error: 'Setup_UxI' was not declared in this scope
     Setup_UxI();
     ^~~~~~~~~
src/Server.cpp: In function 'void handleActions()':
src/Server.cpp:535:17: error: 'ActionsHtml' was not declared in this scope
   lectureCookie(ActionsHtml);
                 ^~~~~~~~~~~
src/Main.cpp:800:5: note: suggested alternative: 'LectureUxI'
     Setup_UxI();
     ^~~~~~~~~
     LectureUxI
src/Main.cpp:804:5: error: 'Setup_Enphase' was not declared in this scope
     Setup_Enphase();
     ^~~~~~~~~~~~~
src/Server.cpp:535:17: note: suggested alternative: 'Actions_Loop'
   lectureCookie(ActionsHtml);
                 ^~~~~~~~~~~
                 Actions_Loop
src/Server.cpp: In function 'void handleActionsJS()':
src/Server.cpp:539:39: error: 'ActionsJS' was not declared in this scope
   server.send(200, "text/javascript", ActionsJS);
                                       ^~~~~~~~~
src/Main.cpp:804:5: note: suggested alternative: 'LectureEnphase'
     Setup_Enphase();
     ^~~~~~~~~~~~~
     LectureEnphase
src/Main.cpp:816:7: error: 'Setup_UxIx2' was not declared in this scope
       Setup_UxIx2();
       ^~~~~~~~~~~
src/Server.cpp:539:39: note: suggested alternative: 'Action'
   server.send(200, "text/javascript", ActionsJS);
                                       ^~~~~~~~~
                                       Action
src/Server.cpp: In function 'void handleActionsUpdate()':
src/Server.cpp:546:3: error: 'InitGPIOs' was not declared in this scope
   InitGPIOs();  //RAZ anciennes actions
   ^~~~~~~~~
src/Main.cpp:816:7: note: suggested alternative: 'LectureUxIx2'
       Setup_UxIx2();
       ^~~~~~~~~~~
       LectureUxIx2
src/Main.cpp:820:7: error: 'Setup_Linky' was not declared in this scope
       Setup_Linky();
       ^~~~~~~~~~~
src/Server.cpp:554:31: error: void value not ignored as it ought to be
   adresse_max = EcritureEnROM();
                               ^
src/Server.cpp: In function 'void handleActionsAjax()':
src/Server.cpp:565:23: error: 'LTARFbin' was not declared in this scope
   S = S + RS + String(LTARFbin) + RS + String(pTriac) + GS;
                       ^~~~~~~~
*** [.pio\build\esp32dev\src\Source\Externe.cpp.o] Error 1
src/Main.cpp:820:7: note: suggested alternative: 'LectureLinky'
       Setup_Linky();
       ^~~~~~~~~~~
       LectureLinky
src/Main.cpp:825:5: error: 'IndexSource' was not declared in this scope
     IndexSource();
     ^~~~~~~~~~~
src/Server.cpp:565:23: note: suggested alternative: 'LTARF'
   S = S + RS + String(LTARFbin) + RS + String(pTriac) + GS;
                       ^~~~~~~~
                       LTARF
src/Server.cpp: In function 'void handlePara()':
src/Server.cpp:583:17: error: 'ParaHtml' was not declared in this scope
   lectureCookie(ParaHtml);
                 ^~~~~~~~
src/Server.cpp:583:17: note: suggested alternative: 'MainHtml'
   lectureCookie(ParaHtml);
                 ^~~~~~~~
                 MainHtml
src/Server.cpp:584:3: error: 'previousTempMillis' was not declared in this scope
   previousTempMillis = millis() - 120000;
   ^~~~~~~~~~~~~~~~~~
src/Main.cpp:825:5: note: suggested alternative: 'Source'
     IndexSource();
     ^~~~~~~~~~~
     Source
src/Main.cpp:834:5: error: 'Task_LectureRMS' was not declared in this scope
     Task_LectureRMS,        /* Task function. */
     ^~~~~~~~~~~~~~~
src/Server.cpp:584:3: note: suggested alternative: 'previousTimeRMSMin'
   previousTempMillis = millis() - 120000;
   ^~~~~~~~~~~~~~~~~~
   previousTimeRMSMin
src/Main.cpp:849:29: warning: unsigned conversion from 'int' to 'uint8_t' {aka 'unsigned char'} changes value from '1000000' to '64' 
[-Woverflow]
   timer = timerBegin(1000000);  //Clock 1MHz
                             ^
src/Main.cpp:849:29: error: too few arguments to function 'hw_timer_t* timerBegin(uint8_t, uint16_t, bool)'
src/Server.cpp: In function 'void handleParaUpdate()':
src/Server.cpp:588:3: error: 'CleAccesRef' was not declared in this scope
   CleAccesRef = CleAcces;  //Nouvelle cle d'accÞs ou mise Ó jour
   ^~~~~~~~~~~
In file included from C:/Users/Bernard/.platformio/packages/framework-arduinoespressif32/cores/esp32/esp32-hal.h:92,
                 from C:/Users/Bernard/.platformio/packages/framework-arduinoespressif32/cores/esp32/Arduino.h:36,
                 from include/globals.h:9,
                 from src/Main.cpp:1:
C:/Users/Bernard/.platformio/packages/framework-arduinoespressif32/cores/esp32/esp32-hal-timer.h:33:14: note: declared here
 hw_timer_t * timerBegin(uint8_t timer, uint16_t divider, bool countUp);
              ^~~~~~~~~~
src/Main.cpp:850:39: error: too few arguments to function 'void timerAttachInterrupt(hw_timer_t*, void (*)(), bool)'
   timerAttachInterrupt(timer, &onTimer);
                                       ^
In file included from C:/Users/Bernard/.platformio/packages/framework-arduinoespressif32/cores/esp32/esp32-hal.h:92,
                 from C:/Users/Bernard/.platformio/packages/framework-arduinoespressif32/cores/esp32/Arduino.h:36,
                 from include/globals.h:9,
                 from src/Main.cpp:1:
C:/Users/Bernard/.platformio/packages/framework-arduinoespressif32/cores/esp32/esp32-hal-timer.h:40:6: note: declared here
 void timerAttachInterrupt(hw_timer_t *timer, void (*fn)(void), bool edge);
      ^~~~~~~~~~~~~~~~~~~~
src/Main.cpp:851:3: error: 'timerAlarm' was not declared in this scope
   timerAlarm(timer, 100, true, 0);  //Interrupt every 100  microsecond
   ^~~~~~~~~~
src/Server.cpp:588:17: error: 'CleAcces' was not declared in this scope
   CleAccesRef = CleAcces;  //Nouvelle cle d'accÞs ou mise Ó jour
                 ^~~~~~~~
src/Main.cpp:851:3: note: suggested alternative: 'timerStart'
   timerAlarm(timer, 100, true, 0);  //Interrupt every 100  microsecond
   ^~~~~~~~~~
   timerStart
src/Main.cpp:854:33: warning: unsigned conversion from 'int' to 'uint8_t' {aka 'unsigned char'} changes value from '1000000' to '64' 
[-Woverflow]
   timer10ms = timerBegin(1000000);  //Clock 1MHz
                                 ^
src/Main.cpp:854:33: error: too few arguments to function 'hw_timer_t* timerBegin(uint8_t, uint16_t, bool)'
In file included from C:/Users/Bernard/.platformio/packages/framework-arduinoespressif32/cores/esp32/esp32-hal.h:92,
                 from C:/Users/Bernard/.platformio/packages/framework-arduinoespressif32/cores/esp32/Arduino.h:36,
                 from include/globals.h:9,
                 from src/Main.cpp:1:
C:/Users/Bernard/.platformio/packages/framework-arduinoespressif32/cores/esp32/esp32-hal-timer.h:33:14: note: declared here
 hw_timer_t * timerBegin(uint8_t timer, uint16_t divider, bool countUp);
              ^~~~~~~~~~
src/Main.cpp:855:47: error: too few arguments to function 'void timerAttachInterrupt(hw_timer_t*, void (*)(), bool)'
   timerAttachInterrupt(timer10ms, &onTimer10ms);
                                               ^
In file included from C:/Users/Bernard/.platformio/packages/framework-arduinoespressif32/cores/esp32/esp32-hal.h:92,
                 from C:/Users/Bernard/.platformio/packages/framework-arduinoespressif32/cores/esp32/Arduino.h:36,
                 from include/globals.h:9,
                 from src/Main.cpp:1:
C:/Users/Bernard/.platformio/packages/framework-arduinoespressif32/cores/esp32/esp32-hal-timer.h:40:6: note: declared here
 void timerAttachInterrupt(hw_timer_t *timer, void (*fn)(void), bool edge);
      ^~~~~~~~~~~~~~~~~~~~
src/Main.cpp: In function 'void Task_LectureRMS(void*)':
src/Main.cpp:886:5: error: 'Setup_JSY333' was not declared in this scope
     Setup_JSY333();            // init port sÚrie
     ^~~~~~~~~~~~
src/Main.cpp:886:5: note: suggested alternative: 'Lecture_JSY333'
     Setup_JSY333();            // init port sÚrie
     ^~~~~~~~~~~~
     Lecture_JSY333
src/Main.cpp:889:5: error: 'Requete_JSY333' was not declared in this scope
     Requete_JSY333();          // requÛte initiale au module. La premiÞre lecture aura lieu PeriodeProgMillis =1000ms plus tard.
     ^~~~~~~~~~~~~~
src/Server.cpp:588:17: note: suggested alternative: 'eaccess'
   CleAccesRef = CleAcces;  //Nouvelle cle d'accÞs ou mise Ó jour
                 ^~~~~~~~
                 eaccess
src/Server.cpp:598:3: error: 'dhcpOn' was not declared in this scope
   dhcpOn = byte(Vp[0].toInt());
   ^~~~~~
src/Server.cpp:600:3: error: 'Gateway' was not declared in this scope
   Gateway = strtoul(Vp[2].c_str(), NULL, 10);
   ^~~~~~~
src/Server.cpp:601:3: error: 'masque' was not declared in this scope
   masque = strtoul(Vp[3].c_str(), NULL, 10);
   ^~~~~~
src/Main.cpp:889:5: note: suggested alternative: 'Lecture_JSY333'
     Requete_JSY333();          // requÛte initiale au module. La premiÞre lecture aura lieu PeriodeProgMillis =1000ms plus tard.
     ^~~~~~~~~~~~~~
     Lecture_JSY333
src/Main.cpp: In function 'void loop()':
src/Main.cpp:1043:7: error: 'EnergieQuotidienne' was not declared in this scope
       EnergieQuotidienne();
       ^~~~~~~~~~~~~~~~~~
src/Server.cpp:602:3: error: 'dns' was not declared in this scope
   dns = strtoul(Vp[4].c_str(), NULL, 10);
   ^~~
src/Server.cpp:603:3: error: 'ModePara' was not declared in this scope
   ModePara = byte(Vp[5].toInt());
   ^~~~~~~~
src/Server.cpp:603:3: note: suggested alternative: 'handlePara'
   ModePara = byte(Vp[5].toInt());
   ^~~~~~~~
   handlePara
src/Server.cpp:622:3: error: 'nomSondeFixe' was not declared in this scope
   nomSondeFixe = Vp[24];
   ^~~~~~~~~~~~
src/Server.cpp:622:3: note: suggested alternative: 'nomSondeMobile'
   nomSondeFixe = Vp[24];
   ^~~~~~~~~~~~
   nomSondeMobile
src/Server.cpp:624:3: error: 'CalibU' was not declared in this scope
   CalibU = Vp[26].toInt();  //2 bytes
   ^~~~~~
src/Server.cpp:624:3: note: suggested alternative: 'Calibre'
   CalibU = Vp[26].toInt();  //2 bytes
   ^~~~~~
   Calibre
src/Server.cpp:625:3: error: 'CalibI' was not declared in this scope
   CalibI = Vp[27].toInt();  //2 bytes
   ^~~~~~
src/Server.cpp:625:3: note: suggested alternative: 'Calibre'
   CalibI = Vp[27].toInt();  //2 bytes
   ^~~~~~
   Calibre
src/Server.cpp:627:3: error: 'WifiSleep' was not declared in this scope
   WifiSleep = byte(Vp[29].toInt());
   ^~~~~~~~~
src/Server.cpp:628:3: error: 'pSerial' was not declared in this scope
   pSerial = byte(Vp[30].toInt());
   ^~~~~~~
src/Server.cpp:628:3: note: suggested alternative: 'Serial'
   pSerial = byte(Vp[30].toInt());
   ^~~~~~~
   Serial
src/Server.cpp:633:3: error: 'pUxI' was not declared in this scope
   pUxI = byte(Vp[35].toInt());
   ^~~~
src/Main.cpp:1043:7: note: suggested alternative: 'Energie_T_Soutiree'
       EnergieQuotidienne();
       ^~~~~~~~~~~~~~~~~~
       Energie_T_Soutiree
src/Main.cpp:1044:7: error: 'H_Ouvre_Equivalent' was not declared in this scope
       H_Ouvre_Equivalent(dt);
       ^~~~~~~~~~~~~~~~~~
src/Server.cpp:634:3: error: 'pTemp' was not declared in this scope
   pTemp = byte(Vp[36].toInt());
   ^~~~~
src/Server.cpp:640:5: error: 'refTempIP' was not declared in this scope
     refTempIP[c] = byte(Vp[40 + 6 * c].toInt());
     ^~~~~~~~~
src/Server.cpp:641:5: error: 'canalTempExterne' was not declared in this scope
     canalTempExterne[c] = byte(Vp[41 + 6 * c].toInt());
     ^~~~~~~~~~~~~~~~
src/Server.cpp:642:5: error: 'offsetTemp' was not declared in this scope
     offsetTemp[c] = Vp[42 + 6 * c].toInt();
     ^~~~~~~~~~
src/Server.cpp:642:5: note: suggested alternative: 'offsetof'
     offsetTemp[c] = Vp[42 + 6 * c].toInt();
     ^~~~~~~~~~
     offsetof
src/Server.cpp:654:3: error: 'previousTempMillis' was not declared in this scope
   previousTempMillis = millis() - 60000;
   ^~~~~~~~~~~~~~~~~~
src/Main.cpp:1049:7: error: 'GestionOverproduction' was not declared in this scope
       GestionOverproduction();
       ^~~~~~~~~~~~~~~~~~~~~
src/Server.cpp:654:3: note: suggested alternative: 'previousTimeRMSMin'
   previousTempMillis = millis() - 60000;
   ^~~~~~~~~~~~~~~~~~
   previousTimeRMSMin
src/Server.cpp:655:35: error: void value not ignored as it ought to be
   int adresse_max = EcritureEnROM();
                                   ^
src/Server.cpp:661:3: error: 'LastHeureRTE' was not declared in this scope
   LastHeureRTE = -1;
   ^~~~~~~~~~~~
src/Server.cpp: In function 'void handleParaJS()':
src/Server.cpp:677:39: error: 'ParaJS' was not declared in this scope
   server.send(200, "text/javascript", ParaJS);
                                       ^~~~~~
src/Main.cpp:1116:9: error: 'infoSerie' was not declared in this scope
         infoSerie();
         ^~~~~~~~~
src/Server.cpp: In function 'void handleParaRouteurJS()':
src/Server.cpp:681:39: error: 'ParaRouteurJS' was not declared in this scope
   server.send(200, "text/javascript", ParaRouteurJS);
                                       ^~~~~~~~~~~~~
src/Main.cpp:1122:20: warning: use of an operand of type 'bool' in 'operator++' is deprecated [-Wdeprecated]
         EthernetBug++;
                    ^~
src/Server.cpp:681:39: note: suggested alternative: 'handleParaRouteurJS'
   server.send(200, "text/javascript", ParaRouteurJS);
                                       ^~~~~~~~~~~~~
                                       handleParaRouteurJS
src/Server.cpp: In function 'void handleParaAjax()':
src/Server.cpp:684:21: error: 'dhcpOn' was not declared in this scope
   String S = String(dhcpOn) + RS + String(RMS_IP[0]) + RS + String(Gateway) + RS + String(masque) + RS + String(dns) + RS;
                     ^~~~~~
src/Server.cpp:684:68: error: 'Gateway' was not declared in this scope
   String S = String(dhcpOn) + RS + String(RMS_IP[0]) + RS + String(Gateway) + RS + String(masque) + RS + String(dns) + RS;
                                                                    ^~~~~~~
src/Server.cpp:684:91: error: 'masque' was not declared in this scope
   String S = String(dhcpOn) + RS + String(RMS_IP[0]) + RS + String(Gateway) + RS + String(masque) + RS + String(dns) + RS;
                                                                                           ^~~~~~
src/Server.cpp:684:113: error: 'dns' was not declared in this scope
   String S = String(dhcpOn) + RS + String(RMS_IP[0]) + RS + String(Gateway) + RS + String(masque) + RS + String(dns) + RS;
                                                                                                                 ^~~
src/Server.cpp:685:15: error: 'ModePara' was not declared in this scope
   S += String(ModePara) + RS + String(ModeReseau) + RS + String(Horloge) + RS + Source + RS + String(RMSextIP) + RS;
               ^~~~~~~~
src/Server.cpp:685:15: note: suggested alternative: 'handlePara'
   S += String(ModePara) + RS + String(ModeReseau) + RS + String(Horloge) + RS + Source + RS + String(RMSextIP) + RS;
               ^~~~~~~~
               handlePara
src/Server.cpp:688:116: error: 'nomSondeFixe' was not declared in this scope
   S += RS + MQTTPrefix + RS + MQTTPrefixEtat + RS + MQTTdeviceName + RS + String(subMQTT) + RS + nomRouteur + RS + nomSondeFixe + RS + 
nomSondeMobile;
                                                                                                                    ^~~~~~~~~~~~
src/Server.cpp:688:116: note: suggested alternative: 'nomSondeMobile'
   S += RS + MQTTPrefix + RS + MQTTPrefixEtat + RS + MQTTdeviceName + RS + String(subMQTT) + RS + nomRouteur + RS + nomSondeFixe + RS + 
nomSondeMobile;
                                                                                                                    ^~~~~~~~~~~~
                                                                                                                    nomSondeMobile
src/Server.cpp:689:20: error: 'CalibU' was not declared in this scope
   S += RS + String(CalibU) + RS + String(CalibI);
                    ^~~~~~
src/Server.cpp:689:20: note: suggested alternative: 'Calibre'
   S += RS + String(CalibU) + RS + String(CalibI);
                    ^~~~~~
                    Calibre
src/Server.cpp:689:42: error: 'CalibI' was not declared in this scope
   S += RS + String(CalibU) + RS + String(CalibI);
                                          ^~~~~~
src/Server.cpp:689:42: note: suggested alternative: 'Calibre'
   S += RS + String(CalibU) + RS + String(CalibI);
                                          ^~~~~~
                                          Calibre
src/Server.cpp:690:46: error: 'WifiSleep' was not declared in this scope
   S += RS + String(TempoRTEon) + RS + String(WifiSleep) + RS + String(pSerial) + RS + String(pTriac);
                                              ^~~~~~~~~
src/Server.cpp:690:71: error: 'pSerial' was not declared in this scope
   S += RS + String(TempoRTEon) + RS + String(WifiSleep) + RS + String(pSerial) + RS + String(pTriac);
                                                                       ^~~~~~~
src/Server.cpp:690:71: note: suggested alternative: 'Serial'
   S += RS + String(TempoRTEon) + RS + String(WifiSleep) + RS + String(pSerial) + RS + String(pTriac);
                                                                       ^~~~~~~
                                                                       Serial
src/Server.cpp:691:95: error: 'pUxI' was not declared in this scope
   S += RS + String(ESP32_Type) + RS + String(LEDgroupe) + RS + String(rotation) + RS + String(pUxI) + RS + String(pTemp);
                                                                                               ^~~~
src/Server.cpp:691:115: error: 'pTemp' was not declared in this scope
   S += RS + String(ESP32_Type) + RS + String(LEDgroupe) + RS + String(rotation) + RS + String(pUxI) + RS + String(pTemp);
                                                                                                                   ^~~~~
src/Server.cpp:693:86: error: 'refTempIP' was not declared in this scope
     S += GS + nomTemperature[c] + RS + Source_Temp[c] + RS + TopicT[c] + RS + String(refTempIP[c]) + RS + String(canalTempExterne[c]) + 
RS + String(offsetTemp[c]);
                                                                                      ^~~~~~~~~
src/Server.cpp:693:114: error: 'canalTempExterne' was not declared in this scope
     S += GS + nomTemperature[c] + RS + Source_Temp[c] + RS + TopicT[c] + RS + String(refTempIP[c]) + RS + String(canalTempExterne[c]) + 
RS + String(offsetTemp[c]);
                                                                                                                  ^~~~~~~~~~~~~~~~
src/Server.cpp:693:149: error: 'offsetTemp' was not declared in this scope
     S += GS + nomTemperature[c] + RS + Source_Temp[c] + RS + TopicT[c] + RS + String(refTempIP[c]) + RS + String(canalTempExterne[c]) + 
RS + String(offsetTemp[c]);
                                                                                                                                         
            ^~~~~~~~~~
src/Server.cpp:693:149: note: suggested alternative: 'offsetof'
     S += GS + nomTemperature[c] + RS + Source_Temp[c] + RS + TopicT[c] + RS + String(refTempIP[c]) + RS + String(canalTempExterne[c]) + 
RS + String(offsetTemp[c]);
                                                                                                                                         
            ^~~~~~~~~~
                                                                                                                                         
            offsetof
src/Server.cpp: In function 'void handleajaxRAZhisto()':
src/Server.cpp:707:7: error: 'tab_histo_ouverture' was not declared in this scope
       tab_histo_ouverture[j][i] = 0;
       ^~~~~~~~~~~~~~~~~~~
*** [.pio\build\esp32dev\src\Main.cpp.o] Error 1
src/Server.cpp:716:7: error: 'tab_histo_2s_ouverture' was not declared in this scope
       tab_histo_2s_ouverture[j][i] = 0;
       ^~~~~~~~~~~~~~~~~~~~~~
src/Source/EnphaseEnvoy.cpp: In function 'void LectureEnphase()':
src/Source/EnphaseEnvoy.cpp:201:35: error: 'Puissance_M_moy' was not declared in this scope
     PowerFactor = floor(100 * abs(Puissance_M_moy) / PVA_M_moy) / 1.0;
                                   ^~~~~~~~~~~~~~~
src/Source/EnphaseEnvoy.cpp:201:35: note: suggested alternative: 'PuissanceI_M_inst'
     PowerFactor = floor(100 * abs(Puissance_M_moy) / PVA_M_moy) / 1.0;
                                   ^~~~~~~~~~~~~~~
                                   PuissanceI_M_inst
src/Source/EnphaseEnvoy.cpp:205:20: error: 'LongJson' was not declared in this scope
   long whDlvdCum = LongJson("whDlvdCum", NetConso);
                    ^~~~~~~~
src/Source/EnphaseEnvoy.cpp:205:20: note: suggested alternative: 'ValJson'
   long whDlvdCum = LongJson("whDlvdCum", NetConso);
                    ^~~~~~~~
                    ValJson
src/Source/EnphaseEnvoy.cpp:208:9: error: 'LastwhDlvdCum' was not declared in this scope
     if (LastwhDlvdCum == 0) {
         ^~~~~~~~~~~~~
src/Source/EnphaseEnvoy.cpp:208:9: note: suggested alternative: 'whDlvdCum'
     if (LastwhDlvdCum == 0) {
         ^~~~~~~~~~~~~
         whDlvdCum
src/Source/EnphaseEnvoy.cpp:211:27: error: 'LastwhDlvdCum' was not declared in this scope
     DeltaWh = whDlvdCum - LastwhDlvdCum;
                           ^~~~~~~~~~~~~
src/Source/EnphaseEnvoy.cpp:211:27: note: suggested alternative: 'whDlvdCum'
     DeltaWh = whDlvdCum - LastwhDlvdCum;
                           ^~~~~~~~~~~~~
                           whDlvdCum
src/Server.cpp:719:3: error: 'RAZ_JSY' was not declared in this scope
   RAZ_JSY = true;
   ^~~~~~~
src/Server.cpp: In function 'void handleParaRouteurAjax()':
src/Server.cpp:725:35: error: 'Ethernet' was not declared in this scope
   if (ESP32_Type == 10) localIP = Ethernet.localIP().toString();
                                   ^~~~~~~~
src/Server.cpp:725:35: note: suggested alternative: 'EthernetBug'
   if (ESP32_Type == 10) localIP = Ethernet.localIP().toString();
                                   ^~~~~~~~
                                   EthernetBug
src/Server.cpp:726:95: error: 'nomSondeFixe' was not declared in this scope
   String S = Source + GS + Source_data + GS + localIP + GS + nomRouteur + GS + Version + GS + nomSondeFixe + GS + nomSondeMobile + GS + 
String(RMSextIP) + GS + String(ModeReseau) + GS + String(ModePara) + GS + String(Horloge) + GS+ String(ESP32_Type) + GS;
                                                                                               ^~~~~~~~~~~~
src/Server.cpp:726:95: note: suggested alternative: 'nomSondeMobile'
   String S = Source + GS + Source_data + GS + localIP + GS + nomRouteur + GS + Version + GS + nomSondeFixe + GS + nomSondeMobile + GS + 
String(RMSextIP) + GS + String(ModeReseau) + GS + String(ModePara) + GS + String(Horloge) + GS+ String(ESP32_Type) + GS;
                                                                                               ^~~~~~~~~~~~
                                                                                               nomSondeMobile
src/Server.cpp:726:194: error: 'ModePara' was not declared in this scope
   String S = Source + GS + Source_data + GS + localIP + GS + nomRouteur + GS + Version + GS + nomSondeFixe + GS + nomSondeMobile + GS + 
String(RMSextIP) + GS + String(ModeReseau) + GS + String(ModePara) + GS + String(Horloge) + GS+ String(ESP32_Type) + GS;
                                                                                                                                         
                                                         ^~~~~~~~
src/Server.cpp:726:194: note: suggested alternative: 'handlePara'
   String S = Source + GS + Source_data + GS + localIP + GS + nomRouteur + GS + Version + GS + nomSondeFixe + GS + nomSondeMobile + GS + 
String(RMSextIP) + GS + String(ModeReseau) + GS + String(ModePara) + GS + String(Horloge) + GS+ String(ESP32_Type) + GS;
                                                                                                                                         
                                                         ^~~~~~~~
                                                                                                                                         
                                                         handlePara
src/Server.cpp: In function 'void handleExport()':
src/Server.cpp:748:17: error: 'ExportHtml' was not declared in this scope
   lectureCookie(ExportHtml);
                 ^~~~~~~~~~
src/Server.cpp: In function 'void handleAP_ScanWifi()':
src/Server.cpp:756:33: error: 'Liste_AP' was not declared in this scope
   server.send(200, "text/html", Liste_AP);
                                 ^~~~~~~~
src/Server.cpp:756:33: note: suggested alternative: 'List_t'
   server.send(200, "text/html", Liste_AP);
                                 ^~~~~~~~
                                 List_t
src/Server.cpp: In function 'void Liste_WIFI()':
src/Server.cpp:759:3: error: 'WIFIbug' was not declared in this scope
   WIFIbug = 0;
   ^~~~~~~
src/Server.cpp:759:3: note: suggested alternative: 'WIFI_AP'
   WIFIbug = 0;
   ^~~~~~~
   WIFI_AP
src/Server.cpp:760:3: error: 'esp_task_wdt_reset' was not declared in this scope
   esp_task_wdt_reset();
   ^~~~~~~~~~~~~~~~~~
src/Server.cpp:760:3: note: suggested alternative: 'esp_cpu_reset'
   esp_task_wdt_reset();
   ^~~~~~~~~~~~~~~~~~
   esp_cpu_reset
src/Server.cpp:769:3: error: 'Liste_AP' was not declared in this scope
   Liste_AP = "";
   ^~~~~~~~
src/Server.cpp:769:3: note: suggested alternative: 'List_t'
   Liste_AP = "";
   ^~~~~~~~
   List_t
src/Server.cpp: In function 'void handleAP_SetWifi()':
src/Server.cpp:790:3: error: 'esp_task_wdt_reset' was not declared in this scope
   esp_task_wdt_reset();
   ^~~~~~~~~~~~~~~~~~
*** [.pio\build\esp32dev\src\Source\EnphaseEnvoy.cpp.o] Error 1
src/Server.cpp:790:3: note: suggested alternative: 'esp_cpu_reset'
   esp_task_wdt_reset();
   ^~~~~~~~~~~~~~~~~~
   esp_cpu_reset
src/Server.cpp:821:5: error: 'dhcpOn' was not declared in this scope
     dhcpOn = 1;
     ^~~~~~
src/Server.cpp: In function 'void handleHeure()':
src/Server.cpp:834:17: error: 'HeureHtml' was not declared in this scope
   lectureCookie(HeureHtml);
                 ^~~~~~~~~
src/Server.cpp: In function 'void handleHourUpdate()':
src/Server.cpp:840:5: error: 'Int_Heure' was not declared in this scope
     Int_Heure = (New_H.substring(0, p).toInt()) % 24;
     ^~~~~~~~~
src/Server.cpp:840:5: note: suggested alternative: 'handleHeure'
     Int_Heure = (New_H.substring(0, p).toInt()) % 24;
     ^~~~~~~~~
     handleHeure
src/Server.cpp:841:5: error: 'Int_Minute' was not declared in this scope
     Int_Minute = (New_H.substring(p + 1).toInt()) % 60;
     ^~~~~~~~~~
src/Server.cpp:841:5: note: suggested alternative: 'Int_MinuteLinky'
     Int_Minute = (New_H.substring(p + 1).toInt()) % 60;
     ^~~~~~~~~~
     Int_MinuteLinky
src/Server.cpp: In function 'void handleCouleurs()':
src/Server.cpp:849:17: error: 'CouleursHtml' was not declared in this scope
   lectureCookie(CouleursHtml);
                 ^~~~~~~~~~~~
src/Server.cpp:849:17: note: suggested alternative: 'Couleurs'
   lectureCookie(CouleursHtml);
                 ^~~~~~~~~~~~
                 Couleurs
src/Server.cpp: In function 'void handleCommunCouleurJS()':
src/Server.cpp:853:39: error: 'CommunCouleurJS' was not declared in this scope
   server.send(200, "text/javascript", CommunCouleurJS);  // Javascript code
                                       ^~~~~~~~~~~~~~~
src/Server.cpp:853:39: note: suggested alternative: 'handleCommunCouleurJS'
   server.send(200, "text/javascript", CommunCouleurJS);  // Javascript code
                                       ^~~~~~~~~~~~~~~
                                       handleCommunCouleurJS
src/Server.cpp: In function 'void handleCommunCSS()':
src/Server.cpp:882:36: error: 'CommunCSS' was not declared in this scope
   server.send(200, "text/css", S + CommunCSS);
                                    ^~~~~~~~~
src/Server.cpp:882:36: note: suggested alternative: 'handleCommunCSS'
   server.send(200, "text/css", S + CommunCSS);
                                    ^~~~~~~~~
                                    handleCommunCSS
src/Server.cpp: In function 'void lectureCookie(String)':
src/Server.cpp:906:3: error: 'CleAcces' was not declared in this scope
   CleAcces = "";
   ^~~~~~~~
src/Server.cpp:906:3: note: suggested alternative: 'eaccess'
   CleAcces = "";
   ^~~~~~~~
   eaccess
src/Server.cpp:919:35: error: 'CleAccesRef' was not declared in this scope
   Serial.println("  Attendue :" + CleAccesRef);
                                   ^~~~~~~~~~~
src/Server.cpp:926:37: error: 'ParaCleHtml' was not declared in this scope
       server.send(200, "text/html", ParaCleHtml);  //Demande clÚ d'acces / mot de passe
                                     ^~~~~~~~~~~
*** [.pio\build\esp32dev\src\Server.cpp.o] Error 1
========================= [FAILED] Took 54.78 seconds =========================
